/nix/store/39lyf5g2iz4jd2r6q4g5whk9vw09zglj-binutils-2.46/bin/ld.bfd: CMakeFiles/immesh_node.dir/home/bocho0600/roar/ImMesh/src/meshing/mesh_rec_geometry.cpp.o:(.bss+0x180): multiple definition of `g_fp_lio_state'; CMakeFiles/immesh_node.dir/src/immesh_node.cpp.o:(.bss+0x0): first defined here
/nix/store/39lyf5g2iz4jd2r6q4g5whk9vw09zglj-binutils-2.46/bin/ld.bfd: CMakeFiles/immesh_node.dir/home/bocho0600/roar/ImMesh/src/meshing/mesh_rec_geometry.cpp.o:(.bss+0x188): multiple definition of `g_fp_cost_time'; CMakeFiles/immesh_node.dir/src/immesh_node.cpp.o:(.bss+0x8): first defined here
/nix/store/39lyf5g2iz4jd2r6q4g5whk9vw09zglj-binutils-2.46/bin/ld.bfd: CMakeFiles/immesh_node.dir/home/bocho0600/roar/ImMesh/src/meshing/r3live/pointcloud_rgbd.cpp.o: in function `render_pts_in_voxels_mp(std::shared_ptr<Image_frame>&, std::unordered_set<std::shared_ptr<RGB_Voxel>, std::hash<std::shared_ptr<RGB_Voxel> >, std::equal_to<std::shared_ptr<RGB_Voxel> >, std::allocator<std::shared_ptr<RGB_Voxel> > >*, double const&)':
pointcloud_rgbd.cpp:(.text+0x32b0): undefined reference to `g_cost_time_logger'
/nix/store/39lyf5g2iz4jd2r6q4g5whk9vw09zglj-binutils-2.46/bin/ld.bfd: pointcloud_rgbd.cpp:(.text+0x36a5): undefined reference to `g_cost_time_logger'
/nix/store/39lyf5g2iz4jd2r6q4g5whk9vw09zglj-binutils-2.46/bin/ld.bfd: pointcloud_rgbd.cpp:(.text+0x372d): undefined reference to `g_cost_time_logger'
/nix/store/39lyf5g2iz4jd2r6q4g5whk9vw09zglj-binutils-2.46/bin/ld.bfd: CMakeFiles/immesh_node.dir/home/bocho0600/roar/ImMesh/src/meshing/r3live/pointcloud_rgbd.cpp.o: in function `thread_render_pts_in_voxel(int const&, int const&, std::shared_ptr<Image_frame> const&, std::vector<std::shared_ptr<RGB_Voxel>, std::allocator<std::shared_ptr<RGB_Voxel> > > const*, double) [clone .constprop.0] [clone .isra.0]':
pointcloud_rgbd.cpp:(.text+0x43ef): undefined reference to `g_maximum_pe_error'
/nix/store/39lyf5g2iz4jd2r6q4g5whk9vw09zglj-binutils-2.46/bin/ld.bfd: CMakeFiles/immesh_node.dir/home/bocho0600/roar/ImMesh/src/meshing/r3live/pointcloud_rgbd.cpp.o: in function `int Global_map::append_points_to_global_map<pcl::PointXYZRGB>(pcl::PointCloud<pcl::PointXYZRGB>&, double, std::vector<std::shared_ptr<RGB_pts>, std::allocator<std::shared_ptr<RGB_pts> > >*, int, int)':
pointcloud_rgbd.cpp:(.text._ZN10Global_map27append_points_to_global_mapIN3pcl11PointXYZRGBEEEiRNS1_10PointCloudIT_EEdPSt6vectorISt10shared_ptrI7RGB_ptsESaISA_EEii[_ZN10Global_map27append_points_to_global_mapIN3pcl11PointXYZRGBEEEiRNS1_10PointCloudIT_EEdPSt6vectorISt10shared_ptrI7RGB_ptsESaISA_EEii]+0xa29): undefined reference to `g_initial_camera_exp_tim'
/nix/store/39lyf5g2iz4jd2r6q4g5whk9vw09zglj-binutils-2.46/bin/ld.bfd: CMakeFiles/immesh_node.dir/home/bocho0600/roar/ImMesh/src/meshing/r3live/pointcloud_rgbd.cpp.o: in function `int Global_map::append_points_to_global_map<pcl::PointXYZI>(pcl::PointCloud<pcl::PointXYZI>&, double, std::vector<std::shared_ptr<RGB_pts>, std::allocator<std::shared_ptr<RGB_pts> > >*, int, int)':
pointcloud_rgbd.cpp:(.text._ZN10Global_map27append_points_to_global_mapIN3pcl9PointXYZIEEEiRNS1_10PointCloudIT_EEdPSt6vectorISt10shared_ptrI7RGB_ptsESaISA_EEii[_ZN10Global_map27append_points_to_global_mapIN3pcl9PointXYZIEEEiRNS1_10PointCloudIT_EEdPSt6vectorISt10shared_ptrI7RGB_ptsESaISA_EEii]+0xa29): undefined reference to `g_initial_camera_exp_tim'
/nix/store/39lyf5g2iz4jd2r6q4g5whk9vw09zglj-binutils-2.46/bin/ld.bfd: /nix/store/lahfs5a95092gnqisnky12x63wa06qsp-libpcap-1.10.6-lib/lib/libpcap.so.1: undefined reference to `nla_get_u32@libnl_3'
/nix/store/39lyf5g2iz4jd2r6q4g5whk9vw09zglj-binutils-2.46/bin/ld.bfd: /nix/store/lahfs5a95092gnqisnky12x63wa06qsp-libpcap-1.10.6-lib/lib/libpcap.so.1: undefined reference to `nlmsg_free@libnl_3'
/nix/store/39lyf5g2iz4jd2r6q4g5whk9vw09zglj-binutils-2.46/bin/ld.bfd: /nix/store/lahfs5a95092gnqisnky12x63wa06qsp-libpcap-1.10.6-lib/lib/libpcap.so.1: undefined reference to `nl_socket_alloc@libnl_3'
/nix/store/39lyf5g2iz4jd2r6q4g5whk9vw09zglj-binutils-2.46/bin/ld.bfd: /nix/store/lahfs5a95092gnqisnky12x63wa06qsp-libpcap-1.10.6-lib/lib/libpcap.so.1: undefined reference to `genlmsg_attrlen@libnl_3'
/nix/store/39lyf5g2iz4jd2r6q4g5whk9vw09zglj-binutils-2.46/bin/ld.bfd: /nix/store/lahfs5a95092gnqisnky12x63wa06qsp-libpcap-1.10.6-lib/lib/libpcap.so.1: undefined reference to `nl_socket_free@libnl_3'
/nix/store/39lyf5g2iz4jd2r6q4g5whk9vw09zglj-binutils-2.46/bin/ld.bfd: /nix/store/lahfs5a95092gnqisnky12x63wa06qsp-libpcap-1.10.6-lib/lib/libpcap.so.1: undefined reference to `nl_geterror@libnl_3'
/nix/store/39lyf5g2iz4jd2r6q4g5whk9vw09zglj-binutils-2.46/bin/ld.bfd: /nix/store/lahfs5a95092gnqisnky12x63wa06qsp-libpcap-1.10.6-lib/lib/libpcap.so.1: undefined reference to `genlmsg_put@libnl_3'
/nix/store/39lyf5g2iz4jd2r6q4g5whk9vw09zglj-binutils-2.46/bin/ld.bfd: /nix/store/lahfs5a95092gnqisnky12x63wa06qsp-libpcap-1.10.6-lib/lib/libpcap.so.1: undefined reference to `nl_cache_free@libnl_3'
/nix/store/39lyf5g2iz4jd2r6q4g5whk9vw09zglj-binutils-2.46/bin/ld.bfd: /nix/store/lahfs5a95092gnqisnky12x63wa06qsp-libpcap-1.10.6-lib/lib/libpcap.so.1: undefined reference to `genl_ctrl_search_by_name@libnl_3'
/nix/store/39lyf5g2iz4jd2r6q4g5whk9vw09zglj-binutils-2.46/bin/ld.bfd: /nix/store/lahfs5a95092gnqisnky12x63wa06qsp-libpcap-1.10.6-lib/lib/libpcap.so.1: undefined reference to `nl_send_auto@libnl_3'
/nix/store/39lyf5g2iz4jd2r6q4g5whk9vw09zglj-binutils-2.46/bin/ld.bfd: /nix/store/lahfs5a95092gnqisnky12x63wa06qsp-libpcap-1.10.6-lib/lib/libpcap.so.1: undefined reference to `nl_cb_put@libnl_3'
/nix/store/39lyf5g2iz4jd2r6q4g5whk9vw09zglj-binutils-2.46/bin/ld.bfd: /nix/store/lahfs5a95092gnqisnky12x63wa06qsp-libpcap-1.10.6-lib/lib/libpcap.so.1: undefined reference to `genl_connect@libnl_3'
/nix/store/39lyf5g2iz4jd2r6q4g5whk9vw09zglj-binutils-2.46/bin/ld.bfd: /nix/store/lahfs5a95092gnqisnky12x63wa06qsp-libpcap-1.10.6-lib/lib/libpcap.so.1: undefined reference to `nlmsg_hdr@libnl_3'
/nix/store/39lyf5g2iz4jd2r6q4g5whk9vw09zglj-binutils-2.46/bin/ld.bfd: /nix/store/lahfs5a95092gnqisnky12x63wa06qsp-libpcap-1.10.6-lib/lib/libpcap.so.1: undefined reference to `genlmsg_attrdata@libnl_3'
/nix/store/39lyf5g2iz4jd2r6q4g5whk9vw09zglj-binutils-2.46/bin/ld.bfd: /nix/store/lahfs5a95092gnqisnky12x63wa06qsp-libpcap-1.10.6-lib/lib/libpcap.so.1: undefined reference to `nla_parse@libnl_3'
/nix/store/39lyf5g2iz4jd2r6q4g5whk9vw09zglj-binutils-2.46/bin/ld.bfd: /nix/store/0nfk5slgmlz5r3003gxl1j1g4kivk877-opencv-4.13.0/lib/libopencv_imgcodecs.so.4.13.0: undefined reference to `TIFFOpenOptionsSetWarnAboutUnknownTags@LIBTIFF_4.7.1'
/nix/store/39lyf5g2iz4jd2r6q4g5whk9vw09zglj-binutils-2.46/bin/ld.bfd: /nix/store/lahfs5a95092gnqisnky12x63wa06qsp-libpcap-1.10.6-lib/lib/libpcap.so.1: undefined reference to `nl_send_sync@libnl_3'
/nix/store/39lyf5g2iz4jd2r6q4g5whk9vw09zglj-binutils-2.46/bin/ld.bfd: /nix/store/lahfs5a95092gnqisnky12x63wa06qsp-libpcap-1.10.6-lib/lib/libpcap.so.1: undefined reference to `genl_family_get_id@libnl_3'
/nix/store/39lyf5g2iz4jd2r6q4g5whk9vw09zglj-binutils-2.46/bin/ld.bfd: /nix/store/lahfs5a95092gnqisnky12x63wa06qsp-libpcap-1.10.6-lib/lib/libpcap.so.1: undefined reference to `nl_wait_for_ack@libnl_3'
/nix/store/39lyf5g2iz4jd2r6q4g5whk9vw09zglj-binutils-2.46/bin/ld.bfd: /nix/store/lahfs5a95092gnqisnky12x63wa06qsp-libpcap-1.10.6-lib/lib/libpcap.so.1: undefined reference to `nl_recvmsgs@libnl_3'
/nix/store/39lyf5g2iz4jd2r6q4g5whk9vw09zglj-binutils-2.46/bin/ld.bfd: /nix/store/lahfs5a95092gnqisnky12x63wa06qsp-libpcap-1.10.6-lib/lib/libpcap.so.1: undefined reference to `genl_ctrl_alloc_cache@libnl_3'
/nix/store/39lyf5g2iz4jd2r6q4g5whk9vw09zglj-binutils-2.46/bin/ld.bfd: /nix/store/lahfs5a95092gnqisnky12x63wa06qsp-libpcap-1.10.6-lib/lib/libpcap.so.1: undefined reference to `genl_family_put@libnl_3'
/nix/store/39lyf5g2iz4jd2r6q4g5whk9vw09zglj-binutils-2.46/bin/ld.bfd: /nix/store/lahfs5a95092gnqisnky12x63wa06qsp-libpcap-1.10.6-lib/lib/libpcap.so.1: undefined reference to `nla_put@libnl_3'
/nix/store/39lyf5g2iz4jd2r6q4g5whk9vw09zglj-binutils-2.46/bin/ld.bfd: /nix/store/lahfs5a95092gnqisnky12x63wa06qsp-libpcap-1.10.6-lib/lib/libpcap.so.1: undefined reference to `nl_cb_alloc@libnl_3'
/nix/store/39lyf5g2iz4jd2r6q4g5whk9vw09zglj-binutils-2.46/bin/ld.bfd: /nix/store/lahfs5a95092gnqisnky12x63wa06qsp-libpcap-1.10.6-lib/lib/libpcap.so.1: undefined reference to `nlmsg_alloc@libnl_3'
/nix/store/39lyf5g2iz4jd2r6q4g5whk9vw09zglj-binutils-2.46/bin/ld.bfd: /nix/store/lahfs5a95092gnqisnky12x63wa06qsp-libpcap-1.10.6-lib/lib/libpcap.so.1: undefined reference to `nlmsg_data@libnl_3'
/nix/store/39lyf5g2iz4jd2r6q4g5whk9vw09zglj-binutils-2.46/bin/ld.bfd: /nix/store/lahfs5a95092gnqisnky12x63wa06qsp-libpcap-1.10.6-lib/lib/libpcap.so.1: undefined reference to `nl_cb_set@libnl_3'
/nix/store/39lyf5g2iz4jd2r6q4g5whk9vw09zglj-binutils-2.46/bin/ld.bfd: /nix/store/pap8apxw25w4yacp6sc887rcqzbqwxx1-ffmpeg-headless-8.1.2-lib/lib/libavutil.so.60: undefined reference to `vaMapBuffer2'
collect2: error: ld returned 1 exit status
gmake[2]: *** [CMakeFiles/immesh_node.dir/build.make:497: immesh_node] Error 1
gmake[1]: *** [CMakeFiles/Makefile2:153: CMakeFiles/immesh_node.dir/all] Error 2
gmake: *** [Makefile:146: all] Error 2
