CMake Warning (dev) at /nix/store/24fz37nixl9biih3h422z7rxfc6sv5lp-cgal-5.6.3/lib/cmake/CGAL/CGAL_SetupBoost.cmake:20 (find_package):
  Policy CMP0167 is not set: The FindBoost module is removed.  Run "cmake
  --help-policy CMP0167" for policy details.  Use the cmake_policy command to
  set the policy and suppress this warning.

Call Stack (most recent call first):
  /nix/store/24fz37nixl9biih3h422z7rxfc6sv5lp-cgal-5.6.3/lib/cmake/CGAL/CGAL_SetupCGALDependencies.cmake:48 (include)
  /nix/store/24fz37nixl9biih3h422z7rxfc6sv5lp-cgal-5.6.3/lib/cmake/CGAL/CGALConfig.cmake:168 (include)
  CMakeLists.txt:41 (find_package)
This warning is for project developers.  Use -Wno-dev to suppress it.

CMake Warning at CMakeLists.txt:52 (add_executable):
  Cannot generate a safe runtime search path for target immesh_node because
  files in some directories may conflict with libraries in implicit
  directories:

    runtime library [libpng16.so.16] in /nix/store/yzv7lxhgkiggw4yyh4i4igpi5jc43bhk-libpng-apng-1.6.58/lib may be hidden by files in:
      /usr/lib/x86_64-linux-gnu
    runtime library [libz.so.1] in /nix/store/dbz6pb9g67kpgpl95k8d85kzpxm1c32p-zlib-1.3.2/lib may be hidden by files in:
      /usr/lib/x86_64-linux-gnu
    runtime library [libfreetype.so.6] in /nix/store/hiy13xbjr54lx4f7nck27jkrgldvhkbq-freetype-2.14.3/lib may be hidden by files in:
      /usr/lib/x86_64-linux-gnu
    runtime library [libX11.so.6] in /nix/store/flhvh2a7c578zbca9arvn4n2vc2pcgpc-libx11-1.8.13/lib may be hidden by files in:
      /usr/lib/x86_64-linux-gnu
    runtime library [libQt5OpenGL.so.5] in /nix/store/sjr71v0xj3jb4523jjakq0v281ybl87i-qtbase-5.15.19/lib may be hidden by files in:
      /usr/lib/x86_64-linux-gnu
    runtime library [libQt5Widgets.so.5] in /nix/store/sjr71v0xj3jb4523jjakq0v281ybl87i-qtbase-5.15.19/lib may be hidden by files in:
      /usr/lib/x86_64-linux-gnu
    runtime library [libQt5Gui.so.5] in /nix/store/sjr71v0xj3jb4523jjakq0v281ybl87i-qtbase-5.15.19/lib may be hidden by files in:
      /usr/lib/x86_64-linux-gnu
    runtime library [libEGL.so.1] in /nix/store/6rffq8f7j8f6szmd7wdnyddbm7kgr76h-libglvnd-1.7.0/lib may be hidden by files in:
      /usr/lib/x86_64-linux-gnu
    runtime library [libGL.so.1] in /nix/store/6rffq8f7j8f6szmd7wdnyddbm7kgr76h-libglvnd-1.7.0/lib may be hidden by files in:
      /usr/lib/x86_64-linux-gnu
    runtime library [libQt5Core.so.5] in /nix/store/sjr71v0xj3jb4523jjakq0v281ybl87i-qtbase-5.15.19/lib may be hidden by files in:
      /usr/lib/x86_64-linux-gnu
    runtime library [libpthread.so.0] in /nix/store/8kvxvr3pmsypxiypq4g8zy13glnfr7nx-glibc-2.42-67/lib may be hidden by files in:
      /usr/lib/x86_64-linux-gnu
    runtime library [libtbb.so.12] in /nix/store/cfnwlci0zx0bwd26y4bs74vraprak75g-onetbb-2022.3.0/lib may be hidden by files in:
      /usr/lib/x86_64-linux-gnu
    runtime library [libqhull_r.so.8.0] in /nix/store/0pa1wikqgwrb9mypy5scngrmh654fj12-qhull-2020.2/lib may be hidden by files in:
      /usr/lib/x86_64-linux-gnu

  Some of these libraries may not be found correctly.


In file included from /nix/store/sq0nrnfwhkc5ljvklnrk5ps4358g4nbj-gcc-15.2.0/include/c++/15.2.0/x86_64-unknown-linux-gnu/bits/gthr-default.h:35,
                 from /nix/store/sq0nrnfwhkc5ljvklnrk5ps4358g4nbj-gcc-15.2.0/include/c++/15.2.0/x86_64-unknown-linux-gnu/bits/gthr.h:157,
                 from /nix/store/sq0nrnfwhkc5ljvklnrk5ps4358g4nbj-gcc-15.2.0/include/c++/15.2.0/ext/atomicity.h:37,
                 from /nix/store/sq0nrnfwhkc5ljvklnrk5ps4358g4nbj-gcc-15.2.0/include/c++/15.2.0/bits/shared_ptr_base.h:61,
                 from /nix/store/sq0nrnfwhkc5ljvklnrk5ps4358g4nbj-gcc-15.2.0/include/c++/15.2.0/bits/shared_ptr.h:53,
                 from /nix/store/sq0nrnfwhkc5ljvklnrk5ps4358g4nbj-gcc-15.2.0/include/c++/15.2.0/memory:82,
                 from <command-line>:
/nix/store/sq0nrnfwhkc5ljvklnrk5ps4358g4nbj-gcc-15.2.0/include/c++/15.2.0/ext/concurrence.h:257:32: error: cannot convert ‘<brace-enclosed initializer list>’ to ‘unsigned int’ in initialization
  257 |     __gthread_cond_t _M_cond = __GTHREAD_COND_INIT;
      |                                ^~~~~~~~~~~~~~~~~~~
/nix/store/sq0nrnfwhkc5ljvklnrk5ps4358g4nbj-gcc-15.2.0/include/c++/15.2.0/bits/std_mutex.h:208:32: error: cannot convert ‘<brace-enclosed initializer list>’ to ‘unsigned int’ in initialization
  208 |     __gthread_cond_t _M_cond = __GTHREAD_COND_INIT;
      |                                ^~~~~~~~~~~~~~~~~~~
In file included from /nix/store/sq0nrnfwhkc5ljvklnrk5ps4358g4nbj-gcc-15.2.0/include/c++/15.2.0/x86_64-unknown-linux-gnu/bits/gthr-default.h:35,
                 from /nix/store/sq0nrnfwhkc5ljvklnrk5ps4358g4nbj-gcc-15.2.0/include/c++/15.2.0/x86_64-unknown-linux-gnu/bits/gthr.h:157,
                 from /nix/store/sq0nrnfwhkc5ljvklnrk5ps4358g4nbj-gcc-15.2.0/include/c++/15.2.0/ext/atomicity.h:37,
                 from /nix/store/sq0nrnfwhkc5ljvklnrk5ps4358g4nbj-gcc-15.2.0/include/c++/15.2.0/bits/shared_ptr_base.h:61,
                 from /nix/store/sq0nrnfwhkc5ljvklnrk5ps4358g4nbj-gcc-15.2.0/include/c++/15.2.0/bits/shared_ptr.h:53,
                 from /nix/store/sq0nrnfwhkc5ljvklnrk5ps4358g4nbj-gcc-15.2.0/include/c++/15.2.0/memory:82,
                 from <command-line>:
/nix/store/sq0nrnfwhkc5ljvklnrk5ps4358g4nbj-gcc-15.2.0/include/c++/15.2.0/ext/concurrence.h:257:32: error: cannot convert ‘<brace-enclosed initializer list>’ to ‘unsigned int’ in initialization
  257 |     __gthread_cond_t _M_cond = __GTHREAD_COND_INIT;
      |                                ^~~~~~~~~~~~~~~~~~~
/nix/store/sq0nrnfwhkc5ljvklnrk5ps4358g4nbj-gcc-15.2.0/include/c++/15.2.0/bits/std_mutex.h:208:32: error: cannot convert ‘<brace-enclosed initializer list>’ to ‘unsigned int’ in initialization
  208 |     __gthread_cond_t _M_cond = __GTHREAD_COND_INIT;
      |                                ^~~~~~~~~~~~~~~~~~~
gmake[2]: *** [CMakeFiles/immesh_node.dir/build.make:163: CMakeFiles/immesh_node.dir/home/bocho0600/roar/ImMesh/include/ikd-Tree/ikd_Tree.cpp.o] Error 1
gmake[2]: *** Waiting for unfinished jobs....
In file included from /nix/store/sq0nrnfwhkc5ljvklnrk5ps4358g4nbj-gcc-15.2.0/include/c++/15.2.0/x86_64-unknown-linux-gnu/bits/gthr-default.h:35,
                 from /nix/store/sq0nrnfwhkc5ljvklnrk5ps4358g4nbj-gcc-15.2.0/include/c++/15.2.0/x86_64-unknown-linux-gnu/bits/gthr.h:157,
                 from /nix/store/sq0nrnfwhkc5ljvklnrk5ps4358g4nbj-gcc-15.2.0/include/c++/15.2.0/ext/atomicity.h:37,
                 from /nix/store/sq0nrnfwhkc5ljvklnrk5ps4358g4nbj-gcc-15.2.0/include/c++/15.2.0/bits/shared_ptr_base.h:61,
                 from /nix/store/sq0nrnfwhkc5ljvklnrk5ps4358g4nbj-gcc-15.2.0/include/c++/15.2.0/bits/shared_ptr.h:53,
                 from /nix/store/sq0nrnfwhkc5ljvklnrk5ps4358g4nbj-gcc-15.2.0/include/c++/15.2.0/memory:82,
                 from <command-line>:
/nix/store/sq0nrnfwhkc5ljvklnrk5ps4358g4nbj-gcc-15.2.0/include/c++/15.2.0/ext/concurrence.h:257:32: error: cannot convert ‘<brace-enclosed initializer list>’ to ‘unsigned int’ in initialization
  257 |     __gthread_cond_t _M_cond = __GTHREAD_COND_INIT;
      |                                ^~~~~~~~~~~~~~~~~~~
In file included from /nix/store/sq0nrnfwhkc5ljvklnrk5ps4358g4nbj-gcc-15.2.0/include/c++/15.2.0/x86_64-unknown-linux-gnu/bits/gthr-default.h:35,
                 from /nix/store/sq0nrnfwhkc5ljvklnrk5ps4358g4nbj-gcc-15.2.0/include/c++/15.2.0/x86_64-unknown-linux-gnu/bits/gthr.h:157,
                 from /nix/store/sq0nrnfwhkc5ljvklnrk5ps4358g4nbj-gcc-15.2.0/include/c++/15.2.0/ext/atomicity.h:37,
                 from /nix/store/sq0nrnfwhkc5ljvklnrk5ps4358g4nbj-gcc-15.2.0/include/c++/15.2.0/bits/shared_ptr_base.h:61,
                 from /nix/store/sq0nrnfwhkc5ljvklnrk5ps4358g4nbj-gcc-15.2.0/include/c++/15.2.0/bits/shared_ptr.h:53,
                 from /nix/store/sq0nrnfwhkc5ljvklnrk5ps4358g4nbj-gcc-15.2.0/include/c++/15.2.0/memory:82,
                 from <command-line>:
/nix/store/sq0nrnfwhkc5ljvklnrk5ps4358g4nbj-gcc-15.2.0/include/c++/15.2.0/ext/concurrence.h:257:32: error: cannot convert ‘<brace-enclosed initializer list>’ to ‘unsigned int’ in initialization
  257 |     __gthread_cond_t _M_cond = __GTHREAD_COND_INIT;
      |                                ^~~~~~~~~~~~~~~~~~~
/nix/store/sq0nrnfwhkc5ljvklnrk5ps4358g4nbj-gcc-15.2.0/include/c++/15.2.0/bits/std_mutex.h:208:32: error: cannot convert ‘<brace-enclosed initializer list>’ to ‘unsigned int’ in initialization
  208 |     __gthread_cond_t _M_cond = __GTHREAD_COND_INIT;
      |                                ^~~~~~~~~~~~~~~~~~~
/nix/store/sq0nrnfwhkc5ljvklnrk5ps4358g4nbj-gcc-15.2.0/include/c++/15.2.0/bits/std_mutex.h:208:32: error: cannot convert ‘<brace-enclosed initializer list>’ to ‘unsigned int’ in initialization
  208 |     __gthread_cond_t _M_cond = __GTHREAD_COND_INIT;
      |                                ^~~~~~~~~~~~~~~~~~~
In file included from /nix/store/sq0nrnfwhkc5ljvklnrk5ps4358g4nbj-gcc-15.2.0/include/c++/15.2.0/x86_64-unknown-linux-gnu/bits/gthr-default.h:35,
                 from /nix/store/sq0nrnfwhkc5ljvklnrk5ps4358g4nbj-gcc-15.2.0/include/c++/15.2.0/x86_64-unknown-linux-gnu/bits/gthr.h:157,
                 from /nix/store/sq0nrnfwhkc5ljvklnrk5ps4358g4nbj-gcc-15.2.0/include/c++/15.2.0/ext/atomicity.h:37,
                 from /nix/store/sq0nrnfwhkc5ljvklnrk5ps4358g4nbj-gcc-15.2.0/include/c++/15.2.0/bits/shared_ptr_base.h:61,
                 from /nix/store/sq0nrnfwhkc5ljvklnrk5ps4358g4nbj-gcc-15.2.0/include/c++/15.2.0/bits/shared_ptr.h:53,
                 from /nix/store/sq0nrnfwhkc5ljvklnrk5ps4358g4nbj-gcc-15.2.0/include/c++/15.2.0/memory:82,
                 from <command-line>:
/nix/store/sq0nrnfwhkc5ljvklnrk5ps4358g4nbj-gcc-15.2.0/include/c++/15.2.0/ext/concurrence.h:257:32: error: cannot convert ‘<brace-enclosed initializer list>’ to ‘unsigned int’ in initialization
  257 |     __gthread_cond_t _M_cond = __GTHREAD_COND_INIT;
      |                                ^~~~~~~~~~~~~~~~~~~
In file included from /nix/store/sq0nrnfwhkc5ljvklnrk5ps4358g4nbj-gcc-15.2.0/include/c++/15.2.0/x86_64-unknown-linux-gnu/bits/gthr-default.h:35,
                 from /nix/store/sq0nrnfwhkc5ljvklnrk5ps4358g4nbj-gcc-15.2.0/include/c++/15.2.0/x86_64-unknown-linux-gnu/bits/gthr.h:157,
                 from /nix/store/sq0nrnfwhkc5ljvklnrk5ps4358g4nbj-gcc-15.2.0/include/c++/15.2.0/ext/atomicity.h:37,
                 from /nix/store/sq0nrnfwhkc5ljvklnrk5ps4358g4nbj-gcc-15.2.0/include/c++/15.2.0/bits/shared_ptr_base.h:61,
                 from /nix/store/sq0nrnfwhkc5ljvklnrk5ps4358g4nbj-gcc-15.2.0/include/c++/15.2.0/bits/shared_ptr.h:53,
                 from /nix/store/sq0nrnfwhkc5ljvklnrk5ps4358g4nbj-gcc-15.2.0/include/c++/15.2.0/memory:82,
                 from <command-line>:
/nix/store/sq0nrnfwhkc5ljvklnrk5ps4358g4nbj-gcc-15.2.0/include/c++/15.2.0/ext/concurrence.h:257:32: error: cannot convert ‘<brace-enclosed initializer list>’ to ‘unsigned int’ in initialization
  257 |     __gthread_cond_t _M_cond = __GTHREAD_COND_INIT;
      |                                ^~~~~~~~~~~~~~~~~~~
/nix/store/sq0nrnfwhkc5ljvklnrk5ps4358g4nbj-gcc-15.2.0/include/c++/15.2.0/bits/std_mutex.h:208:32: error: cannot convert ‘<brace-enclosed initializer list>’ to ‘unsigned int’ in initialization
  208 |     __gthread_cond_t _M_cond = __GTHREAD_COND_INIT;
      |                                ^~~~~~~~~~~~~~~~~~~
/nix/store/sq0nrnfwhkc5ljvklnrk5ps4358g4nbj-gcc-15.2.0/include/c++/15.2.0/bits/std_mutex.h:208:32: error: cannot convert ‘<brace-enclosed initializer list>’ to ‘unsigned int’ in initialization
  208 |     __gthread_cond_t _M_cond = __GTHREAD_COND_INIT;
      |                                ^~~~~~~~~~~~~~~~~~~
In file included from /nix/store/sq0nrnfwhkc5ljvklnrk5ps4358g4nbj-gcc-15.2.0/include/c++/15.2.0/x86_64-unknown-linux-gnu/bits/gthr-default.h:35,
                 from /nix/store/sq0nrnfwhkc5ljvklnrk5ps4358g4nbj-gcc-15.2.0/include/c++/15.2.0/x86_64-unknown-linux-gnu/bits/gthr.h:157,
                 from /nix/store/sq0nrnfwhkc5ljvklnrk5ps4358g4nbj-gcc-15.2.0/include/c++/15.2.0/ext/atomicity.h:37,
                 from /nix/store/sq0nrnfwhkc5ljvklnrk5ps4358g4nbj-gcc-15.2.0/include/c++/15.2.0/bits/shared_ptr_base.h:61,
                 from /nix/store/sq0nrnfwhkc5ljvklnrk5ps4358g4nbj-gcc-15.2.0/include/c++/15.2.0/bits/shared_ptr.h:53,
                 from /nix/store/sq0nrnfwhkc5ljvklnrk5ps4358g4nbj-gcc-15.2.0/include/c++/15.2.0/memory:82,
                 from <command-line>:
/nix/store/sq0nrnfwhkc5ljvklnrk5ps4358g4nbj-gcc-15.2.0/include/c++/15.2.0/ext/concurrence.h:257:32: error: cannot convert ‘<brace-enclosed initializer list>’ to ‘unsigned int’ in initialization
  257 |     __gthread_cond_t _M_cond = __GTHREAD_COND_INIT;
      |                                ^~~~~~~~~~~~~~~~~~~
/nix/store/sq0nrnfwhkc5ljvklnrk5ps4358g4nbj-gcc-15.2.0/include/c++/15.2.0/bits/std_mutex.h:208:32: error: cannot convert ‘<brace-enclosed initializer list>’ to ‘unsigned int’ in initialization
  208 |     __gthread_cond_t _M_cond = __GTHREAD_COND_INIT;
      |                                ^~~~~~~~~~~~~~~~~~~
gmake[2]: *** [CMakeFiles/immesh_node.dir/build.make:149: CMakeFiles/immesh_node.dir/home/bocho0600/roar/ImMesh/src/meshing/r3live/image_frame.cpp.o] Error 1
gmake[2]: *** [CMakeFiles/immesh_node.dir/build.make:121: CMakeFiles/immesh_node.dir/home/bocho0600/roar/ImMesh/src/meshing/r3live/triangle.cpp.o] Error 1
gmake[2]: *** [CMakeFiles/immesh_node.dir/build.make:135: CMakeFiles/immesh_node.dir/home/bocho0600/roar/ImMesh/src/meshing/r3live/pointcloud_rgbd.cpp.o] Error 1
gmake[2]: *** [CMakeFiles/immesh_node.dir/build.make:93: CMakeFiles/immesh_node.dir/home/bocho0600/roar/ImMesh/src/ImMesh_mesh_reconstruction.cpp.o] Error 1
gmake[2]: *** [CMakeFiles/immesh_node.dir/build.make:107: CMakeFiles/immesh_node.dir/home/bocho0600/roar/ImMesh/src/meshing/mesh_rec_geometry.cpp.o] Error 1
gmake[2]: *** [CMakeFiles/immesh_node.dir/build.make:79: CMakeFiles/immesh_node.dir/src/immesh_node.cpp.o] Error 1
gmake[1]: *** [CMakeFiles/Makefile2:153: CMakeFiles/immesh_node.dir/all] Error 2
gmake: *** [Makefile:146: all] Error 2
