CMake Warning (dev) at /nix/store/24fz37nixl9biih3h422z7rxfc6sv5lp-cgal-5.6.3/lib/cmake/CGAL/CGAL_SetupBoost.cmake:20 (find_package):
  Policy CMP0167 is not set: The FindBoost module is removed.  Run "cmake
  --help-policy CMP0167" for policy details.  Use the cmake_policy command to
  set the policy and suppress this warning.

Call Stack (most recent call first):
  /nix/store/24fz37nixl9biih3h422z7rxfc6sv5lp-cgal-5.6.3/lib/cmake/CGAL/CGAL_SetupCGALDependencies.cmake:48 (include)
  /nix/store/24fz37nixl9biih3h422z7rxfc6sv5lp-cgal-5.6.3/lib/cmake/CGAL/CGALConfig.cmake:168 (include)
  CMakeLists.txt:57 (find_package)
This warning is for project developers.  Use -Wno-dev to suppress it.

CMake Warning at CMakeLists.txt:61 (add_executable):
  Cannot generate a safe runtime search path for target immesh_node because
  files in some directories may conflict with libraries in implicit
  directories:

    runtime library [libpng16.so.16] in /nix/store/yzv7lxhgkiggw4yyh4i4igpi5jc43bhk-libpng-apng-1.6.58/lib may be hidden by files in:
      /usr/lib/x86_64-linux-gnu
    runtime library [libz.so.1] in /nix/store/dbz6pb9g67kpgpl95k8d85kzpxm1c32p-zlib-1.3.2/lib may be hidden by files in:
      /usr/lib/x86_64-linux-gnu
    runtime library [libfreetype.so.6] in /nix/store/hiy13xbjr54lx4f7nck27jkrgldvhkbq-freetype-2.14.3/lib may be hidden by files in:
      /usr/lib/x86_64-linux-gnu
    runtime library [libX11.so.6] in /nix/store/flhvh2a7c578zbca9arvn4n2vc2pcgpc-libx11-1.8.13/lib may be hidden by files in:
      /usr/lib/x86_64-linux-gnu
    runtime library [libQt5OpenGL.so.5] in /nix/store/sjr71v0xj3jb4523jjakq0v281ybl87i-qtbase-5.15.19/lib may be hidden by files in:
      /usr/lib/x86_64-linux-gnu
    runtime library [libQt5Widgets.so.5] in /nix/store/sjr71v0xj3jb4523jjakq0v281ybl87i-qtbase-5.15.19/lib may be hidden by files in:
      /usr/lib/x86_64-linux-gnu
    runtime library [libQt5Gui.so.5] in /nix/store/sjr71v0xj3jb4523jjakq0v281ybl87i-qtbase-5.15.19/lib may be hidden by files in:
      /usr/lib/x86_64-linux-gnu
    runtime library [libEGL.so.1] in /nix/store/6rffq8f7j8f6szmd7wdnyddbm7kgr76h-libglvnd-1.7.0/lib may be hidden by files in:
      /usr/lib/x86_64-linux-gnu
    runtime library [libGL.so.1] in /nix/store/6rffq8f7j8f6szmd7wdnyddbm7kgr76h-libglvnd-1.7.0/lib may be hidden by files in:
      /usr/lib/x86_64-linux-gnu
    runtime library [libQt5Core.so.5] in /nix/store/sjr71v0xj3jb4523jjakq0v281ybl87i-qtbase-5.15.19/lib may be hidden by files in:
      /usr/lib/x86_64-linux-gnu
    runtime library [libpthread.so.0] in /nix/store/8kvxvr3pmsypxiypq4g8zy13glnfr7nx-glibc-2.42-67/lib may be hidden by files in:
      /usr/lib/x86_64-linux-gnu
    runtime library [libtbb.so.12] in /nix/store/cfnwlci0zx0bwd26y4bs74vraprak75g-onetbb-2022.3.0/lib may be hidden by files in:
      /usr/lib/x86_64-linux-gnu
    runtime library [libqhull_r.so.8.0] in /nix/store/0pa1wikqgwrb9mypy5scngrmh654fj12-qhull-2020.2/lib may be hidden by files in:
      /usr/lib/x86_64-linux-gnu

  Some of these libraries may not be found correctly.


/nix/store/39lyf5g2iz4jd2r6q4g5whk9vw09zglj-binutils-2.46/bin/ld.bfd: CMakeFiles/immesh_node.dir/home/bocho0600/roar/ImMesh/src/meshing/mesh_rec_geometry.cpp.o:(.bss+0x180): multiple definition of `g_fp_lio_state'; CMakeFiles/immesh_node.dir/src/immesh_node.cpp.o:(.bss+0x0): first defined here
/nix/store/39lyf5g2iz4jd2r6q4g5whk9vw09zglj-binutils-2.46/bin/ld.bfd: CMakeFiles/immesh_node.dir/home/bocho0600/roar/ImMesh/src/meshing/mesh_rec_geometry.cpp.o:(.bss+0x188): multiple definition of `g_fp_cost_time'; CMakeFiles/immesh_node.dir/src/immesh_node.cpp.o:(.bss+0x8): first defined here
/nix/store/39lyf5g2iz4jd2r6q4g5whk9vw09zglj-binutils-2.46/bin/ld.bfd: CMakeFiles/immesh_node.dir/home/bocho0600/roar/ImMesh/src/meshing/r3live/pointcloud_rgbd.cpp.o: in function `render_pts_in_voxels_mp(std::shared_ptr<Image_frame>&, std::unordered_set<std::shared_ptr<RGB_Voxel>, std::hash<std::shared_ptr<RGB_Voxel> >, std::equal_to<std::shared_ptr<RGB_Voxel> >, std::allocator<std::shared_ptr<RGB_Voxel> > >*, double const&)':
pointcloud_rgbd.cpp:(.text+0x32b0): undefined reference to `g_cost_time_logger'
/nix/store/39lyf5g2iz4jd2r6q4g5whk9vw09zglj-binutils-2.46/bin/ld.bfd: pointcloud_rgbd.cpp:(.text+0x36a5): undefined reference to `g_cost_time_logger'
/nix/store/39lyf5g2iz4jd2r6q4g5whk9vw09zglj-binutils-2.46/bin/ld.bfd: pointcloud_rgbd.cpp:(.text+0x372d): undefined reference to `g_cost_time_logger'
/nix/store/39lyf5g2iz4jd2r6q4g5whk9vw09zglj-binutils-2.46/bin/ld.bfd: CMakeFiles/immesh_node.dir/home/bocho0600/roar/ImMesh/src/meshing/r3live/pointcloud_rgbd.cpp.o: in function `thread_render_pts_in_voxel(int const&, int const&, std::shared_ptr<Image_frame> const&, std::vector<std::shared_ptr<RGB_Voxel>, std::allocator<std::shared_ptr<RGB_Voxel> > > const*, double) [clone .constprop.0] [clone .isra.0]':
pointcloud_rgbd.cpp:(.text+0x43ef): undefined reference to `g_maximum_pe_error'
/nix/store/39lyf5g2iz4jd2r6q4g5whk9vw09zglj-binutils-2.46/bin/ld.bfd: CMakeFiles/immesh_node.dir/home/bocho0600/roar/ImMesh/src/meshing/r3live/pointcloud_rgbd.cpp.o: in function `int Global_map::append_points_to_global_map<pcl::PointXYZRGB>(pcl::PointCloud<pcl::PointXYZRGB>&, double, std::vector<std::shared_ptr<RGB_pts>, std::allocator<std::shared_ptr<RGB_pts> > >*, int, int)':
pointcloud_rgbd.cpp:(.text._ZN10Global_map27append_points_to_global_mapIN3pcl11PointXYZRGBEEEiRNS1_10PointCloudIT_EEdPSt6vectorISt10shared_ptrI7RGB_ptsESaISA_EEii[_ZN10Global_map27append_points_to_global_mapIN3pcl11PointXYZRGBEEEiRNS1_10PointCloudIT_EEdPSt6vectorISt10shared_ptrI7RGB_ptsESaISA_EEii]+0xa29): undefined reference to `g_initial_camera_exp_tim'
/nix/store/39lyf5g2iz4jd2r6q4g5whk9vw09zglj-binutils-2.46/bin/ld.bfd: CMakeFiles/immesh_node.dir/home/bocho0600/roar/ImMesh/src/meshing/r3live/pointcloud_rgbd.cpp.o: in function `int Global_map::append_points_to_global_map<pcl::PointXYZI>(pcl::PointCloud<pcl::PointXYZI>&, double, std::vector<std::shared_ptr<RGB_pts>, std::allocator<std::shared_ptr<RGB_pts> > >*, int, int)':
pointcloud_rgbd.cpp:(.text._ZN10Global_map27append_points_to_global_mapIN3pcl9PointXYZIEEEiRNS1_10PointCloudIT_EEdPSt6vectorISt10shared_ptrI7RGB_ptsESaISA_EEii[_ZN10Global_map27append_points_to_global_mapIN3pcl9PointXYZIEEEiRNS1_10PointCloudIT_EEdPSt6vectorISt10shared_ptrI7RGB_ptsESaISA_EEii]+0xa29): undefined reference to `g_initial_camera_exp_tim'
/nix/store/39lyf5g2iz4jd2r6q4g5whk9vw09zglj-binutils-2.46/bin/ld.bfd: /nix/store/lahfs5a95092gnqisnky12x63wa06qsp-libpcap-1.10.6-lib/lib/libpcap.so.1: undefined reference to `nla_get_u32@libnl_3'
/nix/store/39lyf5g2iz4jd2r6q4g5whk9vw09zglj-binutils-2.46/bin/ld.bfd: /nix/store/lahfs5a95092gnqisnky12x63wa06qsp-libpcap-1.10.6-lib/lib/libpcap.so.1: undefined reference to `nlmsg_free@libnl_3'
/nix/store/39lyf5g2iz4jd2r6q4g5whk9vw09zglj-binutils-2.46/bin/ld.bfd: /nix/store/lahfs5a95092gnqisnky12x63wa06qsp-libpcap-1.10.6-lib/lib/libpcap.so.1: undefined reference to `nl_socket_alloc@libnl_3'
/nix/store/39lyf5g2iz4jd2r6q4g5whk9vw09zglj-binutils-2.46/bin/ld.bfd: /nix/store/lahfs5a95092gnqisnky12x63wa06qsp-libpcap-1.10.6-lib/lib/libpcap.so.1: undefined reference to `genlmsg_attrlen@libnl_3'
/nix/store/39lyf5g2iz4jd2r6q4g5whk9vw09zglj-binutils-2.46/bin/ld.bfd: /nix/store/lahfs5a95092gnqisnky12x63wa06qsp-libpcap-1.10.6-lib/lib/libpcap.so.1: undefined reference to `nl_socket_free@libnl_3'
/nix/store/39lyf5g2iz4jd2r6q4g5whk9vw09zglj-binutils-2.46/bin/ld.bfd: /nix/store/lahfs5a95092gnqisnky12x63wa06qsp-libpcap-1.10.6-lib/lib/libpcap.so.1: undefined reference to `nl_geterror@libnl_3'
/nix/store/39lyf5g2iz4jd2r6q4g5whk9vw09zglj-binutils-2.46/bin/ld.bfd: /nix/store/lahfs5a95092gnqisnky12x63wa06qsp-libpcap-1.10.6-lib/lib/libpcap.so.1: undefined reference to `genlmsg_put@libnl_3'
/nix/store/39lyf5g2iz4jd2r6q4g5whk9vw09zglj-binutils-2.46/bin/ld.bfd: /nix/store/lahfs5a95092gnqisnky12x63wa06qsp-libpcap-1.10.6-lib/lib/libpcap.so.1: undefined reference to `nl_cache_free@libnl_3'
/nix/store/39lyf5g2iz4jd2r6q4g5whk9vw09zglj-binutils-2.46/bin/ld.bfd: /nix/store/lahfs5a95092gnqisnky12x63wa06qsp-libpcap-1.10.6-lib/lib/libpcap.so.1: undefined reference to `genl_ctrl_search_by_name@libnl_3'
/nix/store/39lyf5g2iz4jd2r6q4g5whk9vw09zglj-binutils-2.46/bin/ld.bfd: /nix/store/lahfs5a95092gnqisnky12x63wa06qsp-libpcap-1.10.6-lib/lib/libpcap.so.1: undefined reference to `nl_send_auto@libnl_3'
/nix/store/39lyf5g2iz4jd2r6q4g5whk9vw09zglj-binutils-2.46/bin/ld.bfd: /nix/store/lahfs5a95092gnqisnky12x63wa06qsp-libpcap-1.10.6-lib/lib/libpcap.so.1: undefined reference to `nl_cb_put@libnl_3'
/nix/store/39lyf5g2iz4jd2r6q4g5whk9vw09zglj-binutils-2.46/bin/ld.bfd: /nix/store/lahfs5a95092gnqisnky12x63wa06qsp-libpcap-1.10.6-lib/lib/libpcap.so.1: undefined reference to `genl_connect@libnl_3'
/nix/store/39lyf5g2iz4jd2r6q4g5whk9vw09zglj-binutils-2.46/bin/ld.bfd: /nix/store/lahfs5a95092gnqisnky12x63wa06qsp-libpcap-1.10.6-lib/lib/libpcap.so.1: undefined reference to `nlmsg_hdr@libnl_3'
/nix/store/39lyf5g2iz4jd2r6q4g5whk9vw09zglj-binutils-2.46/bin/ld.bfd: /nix/store/lahfs5a95092gnqisnky12x63wa06qsp-libpcap-1.10.6-lib/lib/libpcap.so.1: undefined reference to `genlmsg_attrdata@libnl_3'
/nix/store/39lyf5g2iz4jd2r6q4g5whk9vw09zglj-binutils-2.46/bin/ld.bfd: /nix/store/lahfs5a95092gnqisnky12x63wa06qsp-libpcap-1.10.6-lib/lib/libpcap.so.1: undefined reference to `nla_parse@libnl_3'
/nix/store/39lyf5g2iz4jd2r6q4g5whk9vw09zglj-binutils-2.46/bin/ld.bfd: /nix/store/0nfk5slgmlz5r3003gxl1j1g4kivk877-opencv-4.13.0/lib/libopencv_imgcodecs.so.4.13.0: undefined reference to `TIFFOpenOptionsSetWarnAboutUnknownTags@LIBTIFF_4.7.1'
/nix/store/39lyf5g2iz4jd2r6q4g5whk9vw09zglj-binutils-2.46/bin/ld.bfd: /nix/store/lahfs5a95092gnqisnky12x63wa06qsp-libpcap-1.10.6-lib/lib/libpcap.so.1: undefined reference to `nl_send_sync@libnl_3'
/nix/store/39lyf5g2iz4jd2r6q4g5whk9vw09zglj-binutils-2.46/bin/ld.bfd: /nix/store/lahfs5a95092gnqisnky12x63wa06qsp-libpcap-1.10.6-lib/lib/libpcap.so.1: undefined reference to `genl_family_get_id@libnl_3'
/nix/store/39lyf5g2iz4jd2r6q4g5whk9vw09zglj-binutils-2.46/bin/ld.bfd: /nix/store/lahfs5a95092gnqisnky12x63wa06qsp-libpcap-1.10.6-lib/lib/libpcap.so.1: undefined reference to `nl_wait_for_ack@libnl_3'
/nix/store/39lyf5g2iz4jd2r6q4g5whk9vw09zglj-binutils-2.46/bin/ld.bfd: /nix/store/lahfs5a95092gnqisnky12x63wa06qsp-libpcap-1.10.6-lib/lib/libpcap.so.1: undefined reference to `nl_recvmsgs@libnl_3'
/nix/store/39lyf5g2iz4jd2r6q4g5whk9vw09zglj-binutils-2.46/bin/ld.bfd: /nix/store/lahfs5a95092gnqisnky12x63wa06qsp-libpcap-1.10.6-lib/lib/libpcap.so.1: undefined reference to `genl_ctrl_alloc_cache@libnl_3'
/nix/store/39lyf5g2iz4jd2r6q4g5whk9vw09zglj-binutils-2.46/bin/ld.bfd: /nix/store/lahfs5a95092gnqisnky12x63wa06qsp-libpcap-1.10.6-lib/lib/libpcap.so.1: undefined reference to `genl_family_put@libnl_3'
/nix/store/39lyf5g2iz4jd2r6q4g5whk9vw09zglj-binutils-2.46/bin/ld.bfd: /nix/store/lahfs5a95092gnqisnky12x63wa06qsp-libpcap-1.10.6-lib/lib/libpcap.so.1: undefined reference to `nla_put@libnl_3'
/nix/store/39lyf5g2iz4jd2r6q4g5whk9vw09zglj-binutils-2.46/bin/ld.bfd: /nix/store/lahfs5a95092gnqisnky12x63wa06qsp-libpcap-1.10.6-lib/lib/libpcap.so.1: undefined reference to `nl_cb_alloc@libnl_3'
/nix/store/39lyf5g2iz4jd2r6q4g5whk9vw09zglj-binutils-2.46/bin/ld.bfd: /nix/store/lahfs5a95092gnqisnky12x63wa06qsp-libpcap-1.10.6-lib/lib/libpcap.so.1: undefined reference to `nlmsg_alloc@libnl_3'
/nix/store/39lyf5g2iz4jd2r6q4g5whk9vw09zglj-binutils-2.46/bin/ld.bfd: /nix/store/lahfs5a95092gnqisnky12x63wa06qsp-libpcap-1.10.6-lib/lib/libpcap.so.1: undefined reference to `nlmsg_data@libnl_3'
/nix/store/39lyf5g2iz4jd2r6q4g5whk9vw09zglj-binutils-2.46/bin/ld.bfd: /nix/store/lahfs5a95092gnqisnky12x63wa06qsp-libpcap-1.10.6-lib/lib/libpcap.so.1: undefined reference to `nl_cb_set@libnl_3'
/nix/store/39lyf5g2iz4jd2r6q4g5whk9vw09zglj-binutils-2.46/bin/ld.bfd: /nix/store/pap8apxw25w4yacp6sc887rcqzbqwxx1-ffmpeg-headless-8.1.2-lib/lib/libavutil.so.60: undefined reference to `vaMapBuffer2'
collect2: error: ld returned 1 exit status
gmake[2]: *** [CMakeFiles/immesh_node.dir/build.make:447: immesh_node] Error 1
gmake[1]: *** [CMakeFiles/Makefile2:153: CMakeFiles/immesh_node.dir/all] Error 2
gmake: *** [Makefile:146: all] Error 2
